 delegator - [32m94.01[0m  34/568 uncovered
 ├ pkg - [32m96.41[0m  8/223 uncovered
 │ ├ clock - [32m100.00[0m  0/2 uncovered
 │ │ └ clock.go - [32m100.00[0m  0/2 uncovered
 │ ├ httpkit - [32m97.50[0m  1/40 uncovered
 │ │ └ httpkit.go - [32m97.50[0m  1/40 uncovered
 │ ├ logger - [32m96.88[0m  3/96 uncovered
 │ │ ├ logger.go - [32m86.67[0m  2/15 uncovered
 │ │ └ middleware.go - [32m98.77[0m  1/81 uncovered
 │ ├ pgxdb - [32m90.00[0m  4/40 uncovered
 │ │ └ pgxdb.go - [32m90.00[0m  4/40 uncovered
 │ └ tzkt - [32m100.00[0m  0/45 uncovered
 │   └ client.go - [32m100.00[0m  0/45 uncovered
 ├ scraper - [32m90.00[0m  18/180 uncovered
 │ ├ config - [32m100.00[0m  0/1 uncovered
 │ │ └ config.go - [32m100.00[0m  0/1 uncovered
 │ ├ service.go - [32m94.25[0m  5/87 uncovered
 │ ├ store - [33m77.97[0m  13/59 uncovered
 │ │ ├ dbrow - [32m100.00[0m  0/6 uncovered
 │ │ │ └ delegation.go - [32m100.00[0m  0/6 uncovered
 │ │ └ pgxstore - [33m75.47[0m  13/53 uncovered
 │ │   └ store.go - [33m75.47[0m  13/53 uncovered
 │ └ subscriber.go - [32m100.00[0m  0/33 uncovered
 └ web - [32m95.15[0m  8/165 uncovered
   ├ api - [32m100.00[0m  0/14 uncovered
   │ └ errors.go - [32m100.00[0m  0/14 uncovered
   ├ handler - [32m89.66[0m  6/58 uncovered
   │ ├ bind - [32m85.71[0m  3/21 uncovered
   │ │ └ bind.go - [32m85.71[0m  3/21 uncovered
   │ └ tezos_get_delegations.go - [32m91.89[0m  3/37 uncovered
   ├ store/pgxstore - [32m96.49[0m  2/57 uncovered
   │ ├ querybuilder.go - [32m100.00[0m  0/29 uncovered
   │ └ store.go - [32m92.86[0m  2/28 uncovered
   └ tezos - [32m100.00[0m  0/36 uncovered
     ├ delegation.go - [32m100.00[0m  0/13 uncovered
     ├ pagination.go - [32m100.00[0m  0/12 uncovered
     └ year.go - [32m100.00[0m  0/11 uncovered
